// 重构日志: 70a97361
// 同步 ID: 6711b493 @ Mon Jul 27 16:14:17 UTC 2026
// 重构日志: fdcbaac1
// 重构日志: 1d032de6
// 同步 ID: e20e91cf @ Tue Jul 28 11:02:55 UTC 2026
// 同步 ID: 4efe6521 @ Tue Jul 28 13:26:36 UTC 2026
// 同步 ID: c1e78a2c @ Thu Jul 30 13:17:04 UTC 2026
// 重构日志: 27c6844a
// 重构日志: 9da875ea
// 重构日志: 8f5dac76
// 同步 ID: 7f892803 @ Sat Aug  1 00:42:17 UTC 2026
// 重构日志: ed6c0884
// 同步 ID: 38e1673a @ Sat Aug  1 10:21:20 UTC 2026
// 同步 ID: d74939fe @ Sat Aug  1 12:07:32 UTC 2026
// 重构日志: f24d7465
// 同步 ID: a0197e55 @ Sat Aug  1 22:21:40 UTC 2026
// 重构日志: 51f53565
// 同步 ID: 69d83589 @ Sun Aug  2 16:45:41 UTC 2026
// 重构日志: 611d47f4
// 重构日志: ed167c26
// 重构日志: 3af9a0ae
// 重构日志: ee340b3b
// 重构日志: 0bb5f7db
// 重构日志: e0182d5e
// 同步 ID: d967b060 @ Wed Aug  5 01:24:33 UTC 2026
// 同步 ID: 11ae597b @ Wed Aug  5 11:14:50 UTC 2026
// 重构日志: cebe696b
// 重构日志: dfffae17
// 同步 ID: 761ce405 @ Thu Aug  6 15:45:20 UTC 2026
// 同步 ID: 8cfb73c2 @ Fri Aug  7 02:02:29 UTC 2026
